https://github.com/oOmiTimOo/oOMRUOo.git

Git Command


PS D:\mruproject\oOMRUOo> git clone https://github.com/oOmiTimOo/oOMRUOo.git
Cloning into 'oOMRUOo'...
warning: You appear to have cloned an empty repository.


PS D:\mruProject\oOMRUOo> git status
                                    On branch master
                                    Your branch is up to date with 'origin/master'.

                                    Untracked files:
                                    (use "git add <file>..." to include in what will be committed)

                                            Untitled-1.txt

                                    nothing added to commit but untracked files present (use "git add" to track)

PS D:\mruProject\oOMRUOo> git add Untitled-1.txt

PS D:\mruProject\oOMRUOo> git status
                                    On branch master
                                    Your branch is up to date with 'origin/master'.

                                    Changes to be committed:
                                    (use "git reset HEAD <file>..." to unstage)

                                            new file:   Untitled-1.txt

PS D:\mruProject\oOMRUOo> git commit -m "Add File"
                                    [master 63036da] Add File
                                    1 file changed, 0 insertions(+), 0 deletions(-)
                                    create mode 100644 Untitled-1.txt
                                    PS D:\mruProject\oOMRUOo> git status
                                    On branch master
                                    Your branch is ahead of 'origin/master' by 1 commit.
                                    (use "git push" to publish your local commits)

                                    nothing to commit, working tree clean


PS D:\mruProject\oOMRUOo> git remote -v
                                    origin  https://github.com/oOmiTimOo/oOMRUOo.git (fetch)
                                    origin  https://github.com/oOmiTimOo/oOMRUOo.git (push)

PS D:\mruProject\oOMRUOo> git push
                                    Enumerating objects: 4, done.
                                    Counting objects: 100% (4/4), done.
                                    Delta compression using up to 4 threads
                                    Compressing objects: 100% (2/2), done.
                                    Writing objects: 100% (3/3), 282 bytes | 282.00 KiB/s, done.
                                    Total 3 (delta 0), reused 0 (delta 0)
                                    To https://github.com/oOmiTimOo/oOMRUOo.git
                                    1949ddc..63036da  master -> master
PS D:\mruProject\oOMRUOo>
